
--- NEW SESSION: 20/02/2024 11:59:39 ---
/Modelling/Tripod/ActuatedArm0/ServoMotor/Articulation/ServoWheel/dofs.velocity = 0 0 0 0 0 0 0 0 0 -0.784791 0 0
/Modelling/Tripod/ActuatedArm0/ServoMotor/Articulation/ServoWheel/dofs.dforce(V_DERIV) = 0 0 0 0 0 0 92.3207 600.887 2696.76 93286.4 4120.8 -7568.78
/Modelling/Tripod/ActuatedArm0/ServoMotor/Articulation/ServoWheel/dofs.force = 0 0 0 0 0 0 -99.5866 -630.784 19095.8 623498 -16068 -4605.8
/Modelling/Tripod/ActuatedArm0/ServoMotor/Articulation/ServoWheel/dofs.free_velocity = 0 0 0 0 0 0 0 0 0 -0.784791 0 0
/Modelling/Tripod/ActuatedArm0/ServoMotor/Articulation/ServoWheel/dofs.showColor = 1 1 1 1
/Modelling/Tripod/ActuatedArm0/ServoMotor/Articulation/ServoWheel/dofs.showObject = 1
/Modelling/Tripod/ActuatedArm0/ServoMotor/Articulation/ServoWheel/dofs.velocity = 0 0 0 0 0 0 0 0 0 -0.784791 0 0
/Modelling/Tripod/ActuatedArm0/ServoMotor/Articulation/ServoWheel/dofs.dforce(V_DERIV) = 0 0 0 0 0 0 92.3207 600.887 2696.76 93286.4 4120.8 -7568.78
/Modelling/Tripod/ActuatedArm0/ServoMotor/Articulation/ServoWheel/dofs.force = 0 0 0 0 0 0 -99.5866 -630.784 19095.8 623498 -16068 -4605.8
/Modelling/Tripod/ActuatedArm0/ServoMotor/Articulation/ServoWheel/dofs.free_velocity = 0 0 0 0 0 0 0 0 0 -0.784791 0 0
/Modelling/Tripod/ActuatedArm0/ServoMotor/Articulation/ServoWheel/dofs.showColor = 1 1 1 1
/Modelling/Tripod/ActuatedArm0/ServoMotor/Articulation/ServoWheel/dofs.showObject = 1
/Modelling/Tripod/ActuatedArm0/ServoMotor/Articulation/ServoWheel/dofs.velocity = 0 0 0 0 0 0 0 0 0 -0.784791 0 0
/Modelling/Tripod/ActuatedArm0/ServoMotor/Articulation/ServoWheel/dofs.dforce(V_DERIV) = 0 0 0 0 0 0 92.3207 600.887 2696.76 93286.4 4120.8 -7568.78
/Modelling/Tripod/ActuatedArm0/ServoMotor/Articulation/ServoWheel/dofs.force = 0 0 0 0 0 0 -99.5866 -630.784 19095.8 623498 -16068 -4605.8
/Modelling/Tripod/ActuatedArm0/ServoMotor/Articulation/ServoWheel/dofs.free_velocity = 0 0 0 0 0 0 0 0 0 -0.784791 0 0
/Modelling/Tripod/ActuatedArm0/ServoMotor/Articulation/ServoWheel/dofs.showColor = 1 1 1 1
/Modelling/Tripod/ActuatedArm0/ServoMotor/Articulation/ServoWheel/dofs.showObject = 1
/Modelling/Tripod/ActuatedArm0/ServoArm/dofs.showColor = 1 1 1 1
/Modelling/Tripod/ActuatedArm0/ServoMotor/Articulation/ServoWheel/dofs.showObject = 1
/Modelling/Tripod/ActuatedArm0/ServoMotor/Articulation/ServoWheel/dofs.showColor = 1 1 1 1
/Modelling/Tripod/RigidifiedStructure/RigidParts/dofs.velocity = 0 0 0 -9.9015e-15 0 0 0 0 0 5.38871e-15 0 9.33353e-15 0 0 0 4.81184e-15 0 -8.33436e-15 1.7915e-11 1.04666e-11 1.78758e-11 4.55217e-13 -1.73349e-13 -2.14429e-13
/Modelling/Tripod/RigidifiedStructure/RigidParts/dofs.derivX = 0 0 0 0 0 0 0 0 0 0 0 0 0 0 0 0 0 0 0 0 0 0 0 0
/Modelling/Tripod/RigidifiedStructure/RigidParts/dofs.force = -18.5113 -63.9859 22984.2 729354 -15855.2 -13064.4 19727.5 -95.5218 -11597.3 -360868 -8870.56 -610322 -19709 -154.412 -11386.9 -352311 1294.92 608519 7.32143e-10 -2.49202e-10 -6.30962e-10 2.10275e-09 3.45153e-10 -2.24827e-09
/Modelling/Tripod/RigidifiedStructure/RigidParts/dofs.dforce(V_DERIV) = -1.54497e-08 -1.2737e-08 -4.5563e-08 -1.40992e-06 -3.52153e-07 5.10816e-07 -5.59206e-09 -6.03405e-10 1.34843e-09 3.01173e-08 4.4421e-08 1.65656e-07 -7.19593e-10 -2.02927e-10 6.45405e-10 2.16967e-08 7.76173e-09 2.62251e-08 -8.67162e-10 2.87474e-10 7.49072e-10 -2.409e-09 -3.81868e-10 2.40882e-09
/Modelling/Tripod/RigidifiedStructure/RigidParts/dofs.free_velocity = 0 0 0 -9.9015e-15 0 0 0 0 0 5.38871e-15 0 9.33353e-15 0 0 0 4.81184e-15 0 -8.33436e-15 1.7915e-11 1.04666e-11 1.78758e-11 4.55217e-13 -1.73349e-13 -2.14429e-13
/Modelling/Tripod/RigidifiedStructure/RigidParts/dofs.showColor = 1 1 1 1
/Modelling/Tripod/RigidifiedStructure/RigidParts/dofs.lambda = 0 0 0 0 0 0 0 0 0 0 0 0 0 0 0 0 0 0 0 0 0 0 0 0
/Modelling/Tripod/RigidifiedStructure/RigidParts/dofs.constraint_dx = 0 0 0 0 0 0 0 0 0 0 0 0 0 0 0 0 0 0 0 0 0 0 0 0
/Modelling/Tripod/RigidifiedStructure/RigidParts/dofs.solution = 0 0 0 0 0 0 0 0 0 0 0 0 0 0 0 0 0 0 0 0 0 0 0 0
/Modelling/Tripod/RigidifiedStructure/RigidParts/dofs.velocity = 0 0 0 -9.9015e-15 0 0 0 0 0 5.38871e-15 0 9.33353e-15 0 0 0 4.81184e-15 0 -8.33436e-15 1.7915e-11 1.04666e-11 1.78758e-11 4.55217e-13 -1.73349e-13 -2.14429e-13
/Modelling/Tripod/RigidifiedStructure/RigidParts/dofs.derivX = 0 0 0 0 0 0 0 0 0 0 0 0 0 0 0 0 0 0 0 0 0 0 0 0
/Modelling/Tripod/RigidifiedStructure/RigidParts/dofs.force = -18.5113 -63.9859 22984.2 729354 -15855.2 -13064.4 19727.5 -95.5218 -11597.3 -360868 -8870.56 -610322 -19709 -154.412 -11386.9 -352311 1294.92 608519 7.32143e-10 -2.49202e-10 -6.30962e-10 2.10275e-09 3.45153e-10 -2.24827e-09
/Modelling/Tripod/RigidifiedStructure/RigidParts/dofs.dforce(V_DERIV) = -1.54497e-08 -1.2737e-08 -4.5563e-08 -1.40992e-06 -3.52153e-07 5.10816e-07 -5.59206e-09 -6.03405e-10 1.34843e-09 3.01173e-08 4.4421e-08 1.65656e-07 -7.19593e-10 -2.02927e-10 6.45405e-10 2.16967e-08 7.76173e-09 2.62251e-08 -8.67162e-10 2.87474e-10 7.49072e-10 -2.409e-09 -3.81868e-10 2.40882e-09
/Modelling/Tripod/RigidifiedStructure/RigidParts/dofs.free_velocity = 0 0 0 -9.9015e-15 0 0 0 0 0 5.38871e-15 0 9.33353e-15 0 0 0 4.81184e-15 0 -8.33436e-15 1.7915e-11 1.04666e-11 1.78758e-11 4.55217e-13 -1.73349e-13 -2.14429e-13
/Modelling/Tripod/RigidifiedStructure/RigidParts/dofs.showColor = 1 1 1 1
/Modelling/Tripod/RigidifiedStructure/RigidParts/dofs.lambda = 0 0 0 0 0 0 0 0 0 0 0 0 0 0 0 0 0 0 0 0 0 0 0 0
/Modelling/Tripod/RigidifiedStructure/RigidParts/dofs.constraint_dx = 0 0 0 0 0 0 0 0 0 0 0 0 0 0 0 0 0 0 0 0 0 0 0 0
/Modelling/Tripod/RigidifiedStructure/RigidParts/dofs.solution = 0 0 0 0 0 0 0 0 0 0 0 0 0 0 0 0 0 0 0 0 0 0 0 0
/Modelling/Tripod/RigidifiedStructure/RigidParts/dofs.velocity = 0 0 0 -9.9015e-15 0 0 0 0 0 5.38871e-15 0 9.33353e-15 0 0 0 4.81184e-15 0 -8.33436e-15 1.7915e-11 1.04666e-11 1.78758e-11 4.55217e-13 -1.73349e-13 -2.14429e-13
/Modelling/Tripod/RigidifiedStructure/RigidParts/dofs.derivX = 0 0 0 0 0 0 0 0 0 0 0 0 0 0 0 0 0 0 0 0 0 0 0 0
/Modelling/Tripod/RigidifiedStructure/RigidParts/dofs.force = -18.5113 -63.9859 22984.2 729354 -15855.2 -13064.4 19727.5 -95.5218 -11597.3 -360868 -8870.56 -610322 -19709 -154.412 -11386.9 -352311 1294.92 608519 7.32143e-10 -2.49202e-10 -6.30962e-10 2.10275e-09 3.45153e-10 -2.24827e-09
/Modelling/Tripod/RigidifiedStructure/RigidParts/dofs.dforce(V_DERIV) = -1.54497e-08 -1.2737e-08 -4.5563e-08 -1.40992e-06 -3.52153e-07 5.10816e-07 -5.59206e-09 -6.03405e-10 1.34843e-09 3.01173e-08 4.4421e-08 1.65656e-07 -7.19593e-10 -2.02927e-10 6.45405e-10 2.16967e-08 7.76173e-09 2.62251e-08 -8.67162e-10 2.87474e-10 7.49072e-10 -2.409e-09 -3.81868e-10 2.40882e-09
/Modelling/Tripod/RigidifiedStructure/RigidParts/dofs.free_velocity = 0 0 0 -9.9015e-15 0 0 0 0 0 5.38871e-15 0 9.33353e-15 0 0 0 4.81184e-15 0 -8.33436e-15 1.7915e-11 1.04666e-11 1.78758e-11 4.55217e-13 -1.73349e-13 -2.14429e-13
/Modelling/Tripod/RigidifiedStructure/RigidParts/dofs.showColor = 1 1 1 1
/Modelling/Tripod/RigidifiedStructure/RigidParts/dofs.lambda = 0 0 0 0 0 0 0 0 0 0 0 0 0 0 0 0 0 0 0 0 0 0 0 0
/Modelling/Tripod/RigidifiedStructure/RigidParts/dofs.constraint_dx = 0 0 0 0 0 0 0 0 0 0 0 0 0 0 0 0 0 0 0 0 0 0 0 0
/Modelling/Tripod/RigidifiedStructure/RigidParts/dofs.solution = 0 0 0 0 0 0 0 0 0 0 0 0 0 0 0 0 0 0 0 0 0 0 0 0
/Modelling/Tripod/ActuatedArm1/ServoMotor/Articulation/ServoWheel/dofs.position = -51.9615 -1.35 30 0 0.866025 0 0.5 -51.9615 -1.35 30 0 0.866025 0 0.5
/Modelling/Tripod/ActuatedArm1/ServoMotor/Articulation/ServoWheel/dofs.showColor = 1 1 1 1
/Modelling/Tripod/ActuatedArm2/ServoMotor/Articulation/dofs.showColor = 1 1 1 1
/Modelling/Tripod/ActuatedArm2/ServoMotor/Articulation/ServoWheel/dofs.position = 51.9615 -1.35 30 0 0.866025 0 -0.5 51.9615 -1.35 30 0.191113 0.800267 0.331018 -0.462034
/Modelling/Tripod/ActuatedArm2/ServoMotor/Articulation/ServoWheel/dofs.velocity = 0 0 0 0 0 0 0 0 0 2.14931e-15 0 -3.72271e-15
/Modelling/Tripod/ActuatedArm2/ServoMotor/Articulation/ServoWheel/dofs.force = 0 0 0 0 0 0 -19709 -154.412 -11386.9 -352311 1294.92 608519
/Modelling/Tripod/ActuatedArm2/ServoMotor/Articulation/ServoWheel/dofs.externalForce = 
/Modelling/Tripod/ActuatedArm2/ServoMotor/Articulation/ServoWheel/dofs.dforce(V_DERIV) = 0 0 0 0 0 0 -1.83584e-10 3.45587e-11 -5.95879e-11 -1.88068e-09 -1.18172e-10 5.83338e-09
/Modelling/Tripod/ActuatedArm2/ServoMotor/Articulation/ServoWheel/dofs.free_velocity = 0 0 0 0 0 0 0 0 0 2.14931e-15 0 -3.72271e-15
/Modelling/Tripod/ActuatedArm2/ServoMotor/Articulation/ServoWheel/dofs.showColor = 1 1 1 1
/Modelling/Tripod/ActuatedArm2/ServoMotor/Articulation/ServoWheel/dofs.position = 51.9615 -1.35 30 0 0.866025 0 -0.5 51.9615 -1.35 30 0.191113 0.800267 0.331018 -0.462034
/Modelling/Tripod/ActuatedArm2/ServoMotor/Articulation/ServoWheel/dofs.velocity = 0 0 0 0 0 0 0 0 0 2.14931e-15 0 -3.72271e-15
/Modelling/Tripod/ActuatedArm2/ServoMotor/Articulation/ServoWheel/dofs.force = 0 0 0 0 0 0 -19709 -154.412 -11386.9 -352311 1294.92 608519
/Modelling/Tripod/ActuatedArm2/ServoMotor/Articulation/ServoWheel/dofs.externalForce = 
/Modelling/Tripod/ActuatedArm2/ServoMotor/Articulation/ServoWheel/dofs.dforce(V_DERIV) = 0 0 0 0 0 0 -1.83584e-10 3.45587e-11 -5.95879e-11 -1.88068e-09 -1.18172e-10 5.83338e-09
/Modelling/Tripod/ActuatedArm2/ServoMotor/Articulation/ServoWheel/dofs.free_velocity = 0 0 0 0 0 0 0 0 0 2.14931e-15 0 -3.72271e-15
/Modelling/Tripod/ActuatedArm2/ServoMotor/Articulation/ServoWheel/dofs.showColor = 1 1 1 1
/Modelling/Tripod/ActuatedArm2/ServoMotor/Articulation/ServoWheel/dofs.position = 51.9615 -1.35 30 0 0.866025 0 -0.5 51.9615 -1.35 30 0.191113 0.800267 0.331018 -0.462034
/Modelling/Tripod/ActuatedArm2/ServoMotor/Articulation/ServoWheel/dofs.velocity = 0 0 0 0 0 0 0 0 0 2.14931e-15 0 -3.72271e-15
/Modelling/Tripod/ActuatedArm2/ServoMotor/Articulation/ServoWheel/dofs.force = 0 0 0 0 0 0 -19709 -154.412 -11386.9 -352311 1294.92 608519
/Modelling/Tripod/ActuatedArm2/ServoMotor/Articulation/ServoWheel/dofs.externalForce = 
/Modelling/Tripod/ActuatedArm2/ServoMotor/Articulation/ServoWheel/dofs.dforce(V_DERIV) = 0 0 0 0 0 0 -1.83584e-10 3.45587e-11 -5.95879e-11 -1.88068e-09 -1.18172e-10 5.83338e-09
/Modelling/Tripod/ActuatedArm2/ServoMotor/Articulation/ServoWheel/dofs.free_velocity = 0 0 0 0 0 0 0 0 0 2.14931e-15 0 -3.72271e-15
/Modelling/Tripod/ActuatedArm2/ServoMotor/Articulation/ServoWheel/dofs.showColor = 1 1 1 1
/Modelling/Tripod/ActuatedArm0/ServoMotor/Articulation/ServoWheel/dofs.position = 7.34788e-15 -1.35 -60 0 0 0 1 7.34788e-15 -1.35 -60 1.71119e-07 0 0 1
/Modelling/Tripod/ActuatedArm0/ServoMotor/Articulation/ServoWheel/dofs.velocity = 0 0 0 0 0 0 0 0 0 -0.239742 0 0
/Modelling/Tripod/ActuatedArm0/ServoMotor/Articulation/ServoWheel/dofs.force = 0 0 0 0 0 0 -0.0255534 -49.8717 37.5624 1981.43 10.9782 -23.4644
/Modelling/Tripod/ActuatedArm0/ServoMotor/Articulation/ServoWheel/dofs.dforce(V_DERIV) = 0 0 0 0 0 0 -0.0174656 -70.9361 234.22 8828.61 36.2278 -51.2397
/Modelling/Tripod/ActuatedArm0/ServoMotor/Articulation/ServoWheel/dofs.free_velocity = 0 0 0 0 0 0 0 0 0 -0.239742 0 0
/Modelling/Tripod/ActuatedArm0/ServoMotor/Articulation/ServoWheel/dofs.showColor = 1 1 1 1
/Modelling/Tripod/RigidifiedStructure/RigidParts/dofs.velocity = 0 0 0 -0.56568 0 0 0 0 0 0.282845 0 0.489902 0 0 0 0.282848 0 -0.489907 0.0657614 13.069 -0.241168 0.0271433 0.00328124 -0.0608441
/Modelling/Tripod/RigidifiedStructure/RigidParts/dofs.derivX = 0 0 0 0 0 0 0 0 0 0 0 0 0 0 0 0 0 0 0 0 0 0 0 0
/Modelling/Tripod/RigidifiedStructure/RigidParts/dofs.position = 7.34788e-15 -1.35 -60 -0.0133205 0 0 0.999911 -51.9615 -1.35 30 -0.00666032 0.865949 0.011536 0.499956 51.9615 -1.35 30 0.00666042 0.865949 0.0115362 -0.499956 -0.000516584 30.3131 -0.0139604 0.000973272 9.65792e-05 -0.00157287 0.999998
/Modelling/Tripod/RigidifiedStructure/RigidParts/dofs.force = 0.0919265 -81.3671 640.454 20741.2 15.852 -130.677 551.207 -80.0712 -319.415 -10274.9 -55.1197 -17727.8 -550.332 -72.0245 -319.826 -10081.3 -41.6749 17409.3 0.0669428 -5.1234 0.466743 -1.34884 1.0305 1.37925
/Modelling/Tripod/RigidifiedStructure/RigidParts/dofs.dforce(V_DERIV) = 1.55052 -20.0464 1010.4 30634.1 131.478 -174.002 862.84 -18.6635 -499.774 -15036.2 -74.1129 -25911.4 -862.398 -9.33262 -502.505 -14872.6 -113.507 25583 -0.187204 6.76008 -0.486413 2.72894 0.698923 -1.19027
/Modelling/Tripod/RigidifiedStructure/RigidParts/dofs.free_velocity = 0 0 0 -0.56568 0 0 0 0 0 0.282845 0 0.489902 0 0 0 0.282848 0 -0.489907 0.0657614 13.069 -0.241168 0.0271433 0.00328124 -0.0608441
/Modelling/Tripod/RigidifiedStructure/RigidParts/dofs.showColor = 1 1 1 1
/Modelling/Tripod/RigidifiedStructure/RigidParts/dofs.lambda = 0 0 0 0 0 0 0 0 0 0 0 0 0 0 0 0 0 0 0 0 0 0 0 0
/Modelling/Tripod/RigidifiedStructure/RigidParts/dofs.constraint_dx = 0 0 0 0 0 0 0 0 0 0 0 0 0 0 0 0 0 0 0 0 0 0 0 0
/Modelling/Tripod/RigidifiedStructure/RigidParts/dofs.solution = 0 0 0 0 0 0 0 0 0 0 0 0 0 0 0 0 0 0 0 0 0 0 0 0
/Modelling/Tripod/ActuatedArm0/ServoMotor/Articulation/dofs.position = -0.0266417
/Modelling/Tripod/ActuatedArm0/ServoMotor/Articulation/dofs.showColor = 1 1 1 1
/Modelling/Tripod/ActuatedArm0/ServoMotor/Articulation/dofs.position = -0.0266417
/Modelling/Tripod/ActuatedArm0/ServoMotor/Articulation/dofs.showColor = 1 1 1 1
/Modelling/Tripod/ActuatedArm0/ServoMotor/Articulation/dofs.position = -0.0266417
/Modelling/Tripod/ActuatedArm0/ServoMotor/Articulation/dofs.showColor = 1 1 1 1
/Modelling/Tripod/ActuatedArm0/ServoMotor/Articulation/ServoWheel/dofs.velocity = 0 0 0 0 0 0 0 0 0 -0.13075 0 0
/Modelling/Tripod/ActuatedArm0/ServoMotor/Articulation/ServoWheel/dofs.externalForce = 
/Modelling/Tripod/ActuatedArm0/ServoMotor/Articulation/ServoWheel/dofs.force = 0 0 0 0 0 0 -0.0147207 -37.9818 -1.14616 519.976 5.84772 -14.9118
/Modelling/Tripod/ActuatedArm0/ServoMotor/Articulation/ServoWheel/dofs.dforce(V_DERIV) = 0 0 0 0 0 0 -0.0820266 -75.6076 -6.11668 1880.95 35.526 -17.1169
/Modelling/Tripod/ActuatedArm0/ServoMotor/Articulation/ServoWheel/dofs.rest_position = 7.34788e-15 -1.35 -60 0 0 0 1 7.34788e-15 -1.35 -60 0 0 0 1
/Modelling/Tripod/ActuatedArm0/ServoMotor/Articulation/ServoWheel/dofs.free_velocity = 0 0 0 0 0 0 0 0 0 -0.13075 0 0
/Modelling/Tripod/ActuatedArm0/ServoMotor/Articulation/ServoWheel/dofs.showColor = 1 1 1 1
/Modelling/Tripod/RigidifiedStructure/RigidParts/dofs.velocity = 0 0 0 -0.13075 0 0 0 0 0 0.0653751 0 0.113233 0 0 0 0.0653773 0 -0.113237 -0.082853 -4.96812 -0.129509 0.0224768 0.00183346 -0.0198621
/Modelling/Tripod/RigidifiedStructure/RigidParts/dofs.derivX = 0 0 0 0 0 0 0 0 0 0 0 0 0 0 0 0 0 0 0 0 0 0 0 0
/Modelling/Tripod/RigidifiedStructure/RigidParts/dofs.dforce(V_DERIV) = -0.0820266 -75.6076 -6.11668 1880.95 35.526 -17.1169 -3.53346 -77.8408 2.4452 -1017.97 -33.9523 -1776.63 3.53606 -73.3923 2.49266 -896.816 -5.67457 1609.16 -0.0945309 19.3436 -0.130482 0.471442 0.0454504 -0.129778
/Modelling/Tripod/RigidifiedStructure/RigidParts/dofs.externalForce = 
/Modelling/Tripod/RigidifiedStructure/RigidParts/dofs.force = -0.0147207 -37.9818 -1.14616 519.976 5.84772 -14.9118 -0.815098 -37.0185 0.546121 -264.027 -6.1276 -460.637 0.836228 -36.2768 0.552158 -243.804 -1.25317 431.881 -0.00857092 -18.1492 -0.0136993 0.0423117 0.00797127 -0.020076
/Modelling/Tripod/RigidifiedStructure/RigidParts/dofs.free_velocity = 0 0 0 -0.13075 0 0 0 0 0 0.0653751 0 0.113233 0 0 0 0.0653773 0 -0.113237 -0.082853 -4.96812 -0.129509 0.0224768 0.00183346 -0.0198621
/Modelling/Tripod/RigidifiedStructure/RigidParts/dofs.showColor = 1 1 1 1
/Modelling/Tripod/RigidifiedStructure/RigidParts/dofs.constraint_dx = 0 0 0 0 0 0 0 0 0 0 0 0 0 0 0 0 0 0 0 0 0 0 0 0
/Modelling/Tripod/RigidifiedStructure/RigidParts/dofs.lambda = 0 0 0 0 0 0 0 0 0 0 0 0 0 0 0 0 0 0 0 0 0 0 0 0
